../Core/Src/main.c:166:6:HAL_UART_RxCpltCallback	24	static
../Core/Src/main.c:190:6:HAL_UART_TxCpltCallback	16	static
../Core/Src/main.c:195:6:motorA_RUN	16	static
../Core/Src/main.c:223:6:motorB_RUN	16	static
../Core/Src/main.c:250:5:MovingAvarageFilter_A	32	static
../Core/Src/main.c:267:5:MovingAvarageFilter_B	32	static
../Core/Src/main.c:284:7:PID_A	40	static
../Core/Src/main.c:295:7:PID_B	40	static
../Core/Src/main.c:312:5:main	96	static
../Core/Src/main.c:560:6:SystemClock_Config	88	static
../Core/Src/main.c:607:13:MX_TIM1_Init	32	static
../Core/Src/main.c:653:13:MX_TIM2_Init	56	static
../Core/Src/main.c:702:13:MX_TIM3_Init	64	static
../Core/Src/main.c:765:13:MX_TIM4_Init	56	static
../Core/Src/main.c:814:13:MX_USART1_UART_Init	8	static
../Core/Src/main.c:845:13:MX_DMA_Init	16	static
../Core/Src/main.c:863:13:MX_GPIO_Init	40	static
../Core/Src/main.c:906:6:Error_Handler	4	static,ignoring_inline_asm
